                                                                                                                                                                
  dotfiles                                                                                                                                                      
  ────────────────────────────────────────────────────────────────────────────────────────────────────────────────────────────────────────────────────────────  
                                                                                                                                                                
                                                                                                                                                                
                                                                                                                                                                
                                                                                                                                                                
                                                                                                                                                                
                           ░▓▓▓▓▓▓▓▓▓▓▓▓▓▓▓▓▓░                            Your machine · This machine, now · Did you know?                                      
                          ▒███████████████████▒                           ────────────────────────────────────────────────────────────────────────────────────  
                        ▒███████████████████████▒                         CPU             ▃▅▆▄▆▄▅▃▅▆▄▆▄▅▃▅▆▄▆▄▅▃▅▆  75%                                         
                       ▒▓▓▒▒▓▓▓▓▓▓▓▓▓▓▓▓▓▓▓▓▓▒▒▓▓▒                        Memory          ▃▃▃▃▃▃▃▃▃▃▃▃▃▃▃▃▃▃▃▃▃▃▃▃  34% · 5.4 GiB/16.0 GiB                      
                       ░▓██ ▒███████████████▒ ██▓░                        Load            1.40 1.10 1.40                                                        
                         ▒██░▒█████████████▒░██▒                          Disk free       314.2 GiB of 500.0 GiB                                                
                           ▓█░░███████████░░█▓                            Processes       449                                                                   
                            ▒█░░█████████░░█▒                                                                                                                   
                              ▓▒░███████░▒▓                                                                                                                     
                               ░▒ ▓███▓ ▒░                                                                                                                      
                                 ░▓███▓░                                                                                                                        
                                  ░███░                                                                                                                         
                                    ▒                                                                                                                           
                                                                                                                                                                
   ██████╗   ██████╗  ████████╗ ███████╗ ██╗ ██╗      ███████╗ ███████╗                                                                                         
   ██╔══██╗ ██╔═══██╗ ╚══██╔══╝ ██╔════╝ ██║ ██║      ██╔════╝ ██╔════╝                                                                                         
   ██║  ██║ ██║   ██║    ██║    █████╗   ██║ ██║      █████╗   ███████╗                                                                                         
   ██║  ██║ ██║   ██║    ██║    ██╔══╝   ██║ ██║      ██╔══╝   ╚════██║                                                                                         
   ██████╔╝ ╚██████╔╝    ██║    ██║      ██║ ███████╗ ███████╗ ███████║                                                                                         
   ╚═════╝   ╚═════╝     ╚═╝    ╚═╝      ╚═╝ ╚══════╝ ╚══════╝ ╚══════╝                                                                                         
                               Good morning                                                                                                                     
                       Running on Linux (dev build)                                                                                                             
                                                                                                                                                                
            Your terminal environment, configured in minutes.                                                                                                   
                                                                                                                                                                
   /\______/\                                                                                                                                                   
  (          )                                                                                                                                                  
  (  o    o  )                                                                                                                                                  
  (     ^    )                                                                                                                                                  
   >  <  >  <                                                                                                                                                   
  ────────────────────────────────────────────────────────────────────────────────────────────────────────────────────────────────────────────────────────────  
  [Enter] start • [Space q] quit • [Tab] panel                                                                                                                  