[?25l[?2004h]2;dotfiles Installer                                                        [K
  ● OS → ○ Terminal → ○ Font → ○ Shell → ○ WM → ○ Nvim  [K
                                                        [K
  Step 1: Select Your Operating System                  [K
                                                        [K
  Detected: Debian/Ubuntu (WSL)                         [K
                                                        [K
    ▸ macOS                                             [K
        Linux (detected)                                [K
        Termux                                          [K
                                                        [K
                                                        [K
  ↑/k up • ↓/j down • [Enter] select • [Esc] back       [K[12A [K[J[2K[?2004l[?25h[?1002l[?1003l[?1006l