[?25l[?2004h]2;dotfiles Installer                                                                                
  Utilities                                                                     
  ────────────────────────────────────────────────────────────────────────────  
  The shell's startup                                                           
  zsh is started the way a terminal starts it -- `zsh -i -c exit`, each start   
  bounded by 10 s -- so the number describes the start you wait through when    
  you open a terminal. The measurement is 5 such starts, and the median is the  
  middle one: not an average, and not a single run.                             
  zsh/zprof profiled one further start and reported 6 functions, heaviest by    
  the time each spent on itself, in zprof's own order: 1. compdump -- 725.25    
  ms total, 725.25 ms self, 1 call(s), 42.01% of the profiled start. 2.         
  compdef -- 306.38 ms total, 306.38 ms self, 1027 call(s), 17.75% of the       
  … and 18 more                                                                 
                                                                                
  ▸ Measure the shell's startup                                                 
  ────────────────────────────────────────────────────────────────────────────  
    Median of 4 of 5 runs: 924 ms                                               
    Range: 872 ms to 977 ms                                                     
    1 of 5 runs did not finish: 1 timed out at 10 s                             
    Slowest function: compdump (725.25 ms self, 1 call(s))                      
  ────────────────────────────────────────────────────────────────────────────  
    ← Back                                                                      
  ────────────────────────────────────────────────────────────────────────────  
  ↑/k up • ↓/j down • [Enter] select • [Esc] back                               [23A [K[J[2K[?2004l[?25h[?1002l[?1003l[?1006l