[?25l[?2004h]2;dotfiles Installer                                                                                
  dotfiles                                                                      
  ────────────────────────────────────────────────────────────────────────────  
  Change the dotfiles theme                                                     
  The dotfiles' own theme is defined once in themes/. Choosing a theme applies  
  it to every tool it can paint and names the tools it leaves out. Moving the   
  cursor previews a theme without applying anything; the switch records what    
  it replaces, so it can be undone.                                             
                                                                                
  ▸ Apply the Catppuccin Latte theme                                            
    Apply the Catppuccin Mocha theme                                            
    Apply the dotfiles theme                                                    
    Apply the Everforest theme                                                  
    Apply the Kanagawa theme                                                    
    Apply the Nocturne theme                                                    
    Apply the Rosé Pine theme                                                   
  ────────────────────────────────────────────────────────────────────────────  
    Refresh outdated theme files                                                
  ────────────────────────────────────────────────────────────────────────────  
    ← Back                                                                      
  Preview (nothing applied) — Catppuccin Latte:                                 
                                                                                
  ────────────────────────────────────────────────────────────────────────────  
  ↑/k up • ↓/j down • [Enter] select • [Esc] back                               [23A [K[J[2K[?2004l[?25h[?1002l[?1003l[?1006l