[?25l[?2004h]2;dotfiles Installer                                                                                                                                                                
  Main Menu                                                                                                                                                     
  ────────────────────────────────────────────────────────────────────────────────────────────────────────────────────────────────────────────────────────────  
                                                                                                                                                                
                                                                                                                                                                
                                                                                                                                                                
                                                                                                                                                                
                                                                                                                                                                
                                                                                                                                                                
  dotfiles                                                                What will happen · Your trainer · Did you know?                                       
  Good morning                                                            ────────────────────────────────────────────────────────────────────────────────────  
  What would you like to do?                                              on Linux (detected)                                                                   
                                                                          Steps           8                                                                     
  ▸ 🚀 Start Installation                                                 ▸ 1  Install Dependencies                                                             
    📚 Learn About Tools                                                       Installs base packages with your distribution's package manager.                 
    ⌨️ Keymaps Reference                                                    2  Clone Repository                                                                 
    📖 LazyVim Guide                                                        3  Install Homebrew                                                                 
    🎮 Vim Trainer                                                          4  Install Toolset                                                                  
    ❌ Exit                                                                 5  Install Pi Agent Skills                                                          
                                                                            6  Install OfficeCLI                                                                
                                                                            7  Set Default Shell                                                                
                                                                            8  Cleanup                                                                          
                                                                                                                                                                
                                                                                                                                                                
                                                                                                                                                                
                                                                                                                                                                
                                                                                                                                                                
                                                                                                                                                                
                                                                                                                                                                
                                                                                                                                                                
                                                                                                                                                                
                                                                                                                                                                
                                                                                                                                                                
                                                                                                                                                                
                                                                                                                                                                
                                                                                                                                                                
                                                                                                                                                                
                                                                                                                                                                
                                                                                                                                                                
                                                                                                                                                                
                                                                                                                                                                
                                                                                                                                                                
                                                                                                                                                                
   /\______/\                                                                                                                                                   
  ( o    o   )                                                                                                                                                  
  (          )                                                                                                                                                  
  (     ^    )                                                                                                                                                  
   >  <  >  <                                                                                                                                                   
  ────────────────────────────────────────────────────────────────────────────────────────────────────────────────────────────────────────────────────────────  
  ↑/k up • ↓/j down • [Enter] select • [Space q] quit • [Tab] panel                                                                                             [49A [K[J[2K[?2004l[?25h[?1002l[?1003l[?1006l