                                                                                
  dotfiles                                                                      
  ────────────────────────────────────────────────────────────────────────────  
                                                                                
                                                                                
                                 ░▓▓▓▓▓▓▓▓▓▓▓░                                  
                               ░▓█████████████▓░                                
                               ▓▓░▓▓▓▓▓▓▓▓▓▓▓░▓▓                                
                               ░▓░░█████████░░▓░                                
                                 ▒▒░███████░▒▒                                  
                                  ░▒ ▓███▓ ▒░                                   
                                    ░ ▓█▓ ░                                     
                                      ▓█▓                                       
                                       ▒                                        
                                                                                
                                    dotfiles                                    
                                  Good morning                                  
                          Running on Linux (dev build)                          
                                                                                
               Your terminal environment, configured in minutes.                
                                                                                
  Machine  Linux                                                                
  ────────────────────────────────────────────────────────────────────────────  
  [Enter] start • [Space q] quit • [Tab] panel                                  