[?25l[?2004h]2;dotfiles Installer                                                                                
  Main Menu                                                                     
  ────────────────────────────────────────────────────────────────────────────  
                                                                                
                                                                                
                                                                                
                                                                                
                                                                                
  dotfiles                                                                      
  What would you like to do?                                                    
                                                                                
  ▸ 🚀 Start Installation                                                       
    📚 Learn About Tools                                                        
    ⌨️ Keymaps Reference                                                        
    📖 LazyVim Guide                                                            
    🎮 Vim Trainer                                                              
    ❌ Exit                                                                     
                                                                                
                                                                                
                                                                                
                                                                                
                                                                                
  ────────────────────────────────────────────────────────────────────────────  
  ↑/k up • ↓/j down • [Enter] select • [Space q] quit                           [23A [K[J[2K[?2004l[?25h[?1002l[?1003l[?1006l