[?25l[?2004h]2;dotfiles Installer                                                                                
  ✓ Correct                                               Score: 0 · Streak: 0  
  ────────────────────────────────────────────────────────────────────────────  
  Summary                                                                       
  │ ✨ Perfect! Optimal solution!                                               
  Explanation                                                                   
  │ w (word) moves the cursor to the start of the next word. It's the most      
  │ basic and useful horizontal motion in Vim.                                  
                                                                                
                                                                                
  [Enter] continue • [Esc] back                                                 [10A [K[J[2K[?2004l[?25h[?1002l[?1003l[?1006l