[?25l[?2004h]2;dotfiles Installer                                                       [K
  🎩 dotfiles                                          [K
                                                       [K
  What would you like to do?                           [K
                                                       [K
    ▸ 🚀 Start Installation                            [K
        📚 Learn About Tools                           [K
        ⌨️  Keymaps Reference                          [K
        📖 LazyVim Guide                               [K
        🎮 Vim Trainer                                 [K
        ❌ Exit                                        [K
                                                       [K
                                                       [K
  ↑/k up • ↓/j down • [Enter] select • [Space q] quit  [K[13A [K[J[2K[?2004l[?25h[?1002l[?1003l[?1006l