[?25l[?2004h]2;dotfiles Installer                                                                                
  Utilities                                                                     
  ────────────────────────────────────────────────────────────────────────────  
  WSL resources                                                                 
  Windows reports 16384 MiB of RAM and 8 logical processors; both numbers come  
  from the same host detector the installation step reads them through.         
  Recommended for this host: memory 8192 MB, processors 8 and swap 2048 MB.     
  The proportions are the ones the installation step uses, taken from the       
  shipped template rather than typed here: memory is half the host's RAM        
  rounded down to 512 MB, but never so much that Windows keeps less than 2      
  GiB; processors are every logical CPU the host reports; swap is a quarter of  
  that memory, rounded down to the same step.                                   
  … and 10 more                                                                 
                                                                                
  ▸ Memory: 8192 MB                                                             
    Processors: 8                                                               
    Swap: 2048 MB                                                               
  ────────────────────────────────────────────────────────────────────────────  
    Write the .wslconfig                                                        
  ────────────────────────────────────────────────────────────────────────────  
    ← Back                                                                      
  ────────────────────────────────────────────────────────────────────────────  
  ↑/k up • ↓/j down • [←/→] adjust • [r] recommended • [Enter] select           
  [Esc] back                                                                    [23A [K[J[2K[?2004l[?25h[?1002l[?1003l[?1006l