[?25l[?2004h]2;dotfiles Installer          ██████████                      ██████████                            
                                                                                
                                                                                
   ██████╗ ███████╗███╗   ██╗████████╗██╗     ███████╗███╗   ███╗ █████╗ ███╗   
  ██╔════╝ ██╔════╝████╗  ██║╚══██╔══╝██║     ██╔════╝████╗ ████║██╔══██╗████╗  
  ██║  ███╗█████╗  ██╔██╗ ██║   ██║   ██║     █████╗  ██╔████╔██║███████║██╔██╗ 
  ██║   ██║██╔══╝  ██║╚██╗██║   ██║   ██║     ██╔══╝  ██║╚██╔╝██║██╔══██║██║╚██╗
  ╚██████╔╝███████╗██║ ╚████║   ██║   ███████╗███████╗██║ ╚═╝ ██║██║  ██║██║ ╚██
   ╚═════╝ ╚══════╝╚═╝  ╚═══╝   ╚═╝   ╚══════╝╚══════╝╚═╝     ╚═╝╚═╝  ╚═╝╚═╝  ╚═
                          ██████╗  ██████╗ ████████╗███████╗                    
                          ██╔══██╗██╔═══██╗╚══██╔══╝██╔════╝                    
                          ██║  ██║██║   ██║   ██║   ███████╗                    
                          ██║  ██║██║   ██║   ██║   ╚════██║                    
                          ██████╔╝╚██████╔╝   ██║   ███████║                    
                          ╚═════╝  ╚═════╝    ╚═╝   ╚══════╝                    
                                                                                
                                                                                
                                                                                
  Detected: WSL | Homebrew ✓                                                    
                                                                                
  Your terminal environment, configured in minutes.                             
                                                                                
                                                                                
  Press [Enter] to start • [Space q] to quit                                    [23A [K[J[2K[?2004l[?25h[?1002l[?1003l[?1006l