[?25l[?2004h]2;dotfiles Installer                                                                                                                                                                
  Main Menu                                                                                                                                                     
  ────────────────────────────────────────────────────────────────────────────────────────────────────────────────────────────────────────────────────────────  
                                                                                                                                                                
                                                                                                                                                                
                                                                                                                                                                
                                                                                                                                                                
                                                                                                                                                                
                                                                                                                                                                
  dotfiles                                                                What will happen · Your trainer · Did you know?                                       
  What would you like to do?                                              ────────────────────────────────────────────────────────────────────────────────────  
                                                                          on Linux (detected)                                                                   
  ▸ 🚀 Start Installation                                                 Steps           8                                                                     
    📚 Learn About Tools                                                  ▸ 1  Install Dependencies                                                             
    ⌨️ Keymaps Reference                                                       Installs base packages with your distribution's package manager.                 
    📖 LazyVim Guide                                                        2  Clone Repository                                                                 
    🎮 Vim Trainer                                                          3  Install Homebrew                                                                 
    ❌ Exit                                                                 4  Install Toolset                                                                  
                                                                            5  Install Pi Agent Skills                                                          
                                                                            6  Install OfficeCLI                                                                
                                                                            7  Set Default Shell                                                                
                                                                            8  Cleanup                                                                          
                                                                                                                                                                
                                                                                                                                                                
                                                                                                                                                                
                                                                                                                                                                
                                                                                                                                                                
                                                                                                                                                                
                                                                                                                                                                
                                                                                                                                                                
                                                                                                                                                                
                                                                                                                                                                
                                                                                                                                                                
                                                                                                                                                                
                                                                                                                                                                
                                                                                                                                                                
                                                                                                                                                                
                                                                                                                                                                
                                                                                                                                                                
                                                                                                                                                                
                                                                                                                                                                
                                                                                                                                                                
                                                                                                                                                                
                                                                                                                                                                
                                                                                                                                                                
                                                                                                                                                                
                                                                                                                                                                
  (o.o)                                                                                                                                                         
  ────────────────────────────────────────────────────────────────────────────────────────────────────────────────────────────────────────────────────────────  
  ↑/k up • ↓/j down • [Enter] select • [Space q] quit • [Tab] panel                                                                                             [49A [K[J[2K[?2004l[?25h[?1002l[?1003l[?1006l