[?25l[?2004h]2;dotfiles Installer                                                                                
  dotfiles                                                                      
  ────────────────────────────────────────────────────────────────────────────  
  Change the dotfiles theme                                                     
                                                                                
  ▸ Apply the Catppuccin Latte theme                                            
    Apply the Catppuccin Mocha theme                                            
    Apply the dotfiles theme                                                    
    Apply the Everforest theme                                                  
    Apply the Kanagawa theme                                                    
    Apply the Nocturne theme                                                    
    Apply the Rosé Pine theme                                                   
  ────────────────────────────────────────────────────────────────────────────  
    Refresh outdated theme files                                                
  ────────────────────────────────────────────────────────────────────────────  
    ← Back                                                                      
  The theme is written to every file it owns. Writing a file is not the same    
  as the tool showing it, so here is each tool the switch painted, what the     
  installer did for it, and what is left:                                       
  ✓ Alacritty — Alacritty watches its config and reloads it live, so the new    
  … and 7 more                                                                  
  Preview (nothing applied) — Catppuccin Latte:                                 
  ────────────────────────────────────────────────────────────────────────────  
  ↑/k up • ↓/j down • [Enter] select • [Esc] back                               [23A [K[J[2K[?2004l[?25h[?1002l[?1003l[?1006l