[?25l[?2004h]2;dotfiles Installer                                                                                                                                                                
  Main Menu                                                                                                                                                     
  ────────────────────────────────────────────────────────────────────────────────────────────────────────────────────────────────────────────────────────────  
                                                                                                                                                                
                                                                                                                                                                
                                                                                                                                                                
                                                                                                                                                                
                                                                                                                                                                
                                                                                                                                                                
  dotfiles                                                                What will happen · Your trainer · Did you know?                                       
  Good morning                                                            ────────────────────────────────────────────────────────────────────────────────────  
  What would you like to do?                                              Selected        Start Installation                                                    
                                                                          on Linux (detected)                                                                   
  ▸ 🚀 Start Installation                                                 Steps           8                                                                     
    📚 Learn About Tools                                                  ▸ 1  Install Dependencies                                                             
    ⌨️ Keymaps Reference                                                       Installs base packages with your distribution's package manager.                 
    📖 LazyVim Guide                                                        2  Clone Repository                                                                 
    🎮 Vim Trainer                                                          3  Install Homebrew                                                                 
    ❌ Exit                                                                 4  Install Toolset                                                                  
                                                                            5  Install Pi Agent Skills                                                          
                                                                            6  Install OfficeCLI                                                                
                                                                            7  Set Default Shell                                                                
                                                                            8  Cleanup                                                                          
                                                                                                                                                                
                                                                                                                                                                
                                                                                                                                                                
                                                                                                                                                                
                                                                                                                                                                
                                                                                                                                                                
                                                                                                                                                                
                                                                                                                                                                
                                                                                                                                                                
                                                                                                                                                                
                                                                                                                                                                
                                                                                                                                                                
                                                                                                                                                                
                      [38;2;207;217;233m▄[38;2;207;217;233m[48;2;131;143;168m▀[38;2;163;181;214m▄[0m [38;2;207;217;233m▄█[38;2;207;217;233m[48;2;131;143;168m▀[0m                                                                                                                                   
                    [38;2;207;217;233m▄██[38;2;6;8;15m█[38;2;207;217;233m[48;2;131;143;168m▀[38;2;207;217;233m██[38;2;6;8;15m█[38;2;163;181;214m[48;2;131;143;168m▀[38;2;163;181;214m▄[0m                                                                                                                                  
   [38;2;207;217;233m██[38;2;163;181;214m▄[0m          [38;2;207;217;233m▄▄████[38;2;163;181;214m[48;2;224;193;90m▀[38;2;131;143;168m[48;2;207;217;233m▀[38;2;131;143;168m[48;2;6;8;15m▀[38;2;207;217;233m[48;2;163;181;214m▀[38;2;131;143;168m[48;2;224;193;90m▀[38;2;131;143;168m[48;2;207;217;233m▀[38;2;163;181;214m[48;2;6;8;15m▀[38;2;163;181;214m█▄[0m                                                                                                                                 
    [38;2;207;217;233m██[38;2;207;217;233m[48;2;163;181;214m▀[38;2;207;217;233m██████████████████[38;2;163;181;214m[48;2;6;8;15m▀[38;2;207;217;233m[48;2;6;8;15m▀▀[38;2;207;217;233m█[38;2;163;181;214m[48;2;207;217;233m▀[38;2;207;217;233m█[38;2;163;181;214m[48;2;207;217;233m▀[38;2;6;8;15m▄▄[0m                                                                                                                              
   [38;2;207;217;233m▄█[38;2;163;181;214m[48;2;207;217;233m▀[38;2;207;217;233m[48;2;131;143;168m▀[38;2;163;181;214m█[38;2;207;217;233m[48;2;163;181;214m▀[38;2;207;217;233m███████████████[38;2;163;181;214m[48;2;92;97;112m▀[38;2;6;8;15m[48;2;131;143;168m▀[38;2;6;8;15m[48;2;92;97;112m▀[38;2;6;8;15m[48;2;131;143;168m▀[38;2;207;217;233m[48;2;92;97;112m▀[38;2;207;217;233m[48;2;131;143;168m▀[38;2;6;8;15m[48;2;131;143;168m▀[38;2;6;8;15m[48;2;6;8;15m▀[38;2;6;8;15m[48;2;131;143;168m▀[38;2;6;8;15m▀[0m                                                                                                                              
   [38;2;207;217;233m████[38;2;163;181;214m█[38;2;207;217;233m████[38;2;207;217;233m[48;2;163;181;214m▀[38;2;207;217;233m███[38;2;207;217;233m[48;2;163;181;214m▀[38;2;207;217;233m██████[38;2;163;181;214m[48;2;131;143;168m▀[38;2;131;143;168m[48;2;92;97;112m▀[38;2;6;8;15m[48;2;131;143;168m▀▀▀[38;2;131;143;168m█[38;2;131;143;168m[48;2;163;181;214m▀[38;2;6;8;15m[48;2;131;143;168m▀[38;2;163;181;214m▀[38;2;6;8;15m▀▀[0m                                                                                                                              
   [38;2;207;217;233m█[38;2;207;217;233m[48;2;163;181;214m▀[38;2;207;217;233m█[38;2;207;217;233m[48;2;163;181;214m▀[38;2;163;181;214m█[38;2;207;217;233m[48;2;131;143;168m▀[38;2;207;217;233m[48;2;163;181;214m▀[38;2;207;217;233m[48;2;131;143;168m▀[38;2;163;181;214m[48;2;131;143;168m▀[38;2;207;217;233m[48;2;131;143;168m▀[38;2;207;217;233m[48;2;163;181;214m▀[38;2;207;217;233m[48;2;131;143;168m▀▀[38;2;207;217;233m[48;2;92;97;112m▀[38;2;163;181;214m[48;2;131;143;168m▀[38;2;207;217;233m[48;2;131;143;168m▀[38;2;207;217;233m[48;2;163;181;214m▀[38;2;207;217;233m[48;2;131;143;168m▀[38;2;163;181;214m[48;2;131;143;168m▀[38;2;163;181;214m[48;2;92;97;112m▀[38;2;92;97;112m[48;2;131;143;168m▀[38;2;131;143;168m[48;2;92;97;112m▀[38;2;131;143;168m███[38;2;163;181;214m[48;2;131;143;168m▀[38;2;163;181;214m█[0m                                                                                                                                  
   [38;2;163;181;214m█[38;2;207;217;233m[48;2;163;181;214m▀[38;2;163;181;214m█[38;2;163;181;214m[48;2;131;143;168m▀[38;2;163;181;214m██[38;2;163;181;214m[48;2;207;217;233m▀[38;2;131;143;168m█[38;2;131;143;168m[48;2;163;181;214m▀[38;2;131;143;168m[48;2;92;97;112m▀[38;2;92;97;112m[48;2;131;143;168m▀[38;2;131;143;168m[48;2;92;97;112m▀[38;2;131;143;168m█[38;2;131;143;168m[48;2;92;97;112m▀[38;2;131;143;168m[48;2;163;181;214m▀[38;2;207;217;233m█[38;2;163;181;214m█[38;2;207;217;233m[48;2;163;181;214m▀[38;2;92;97;112m[48;2;131;143;168m▀[38;2;131;143;168m[48;2;92;97;112m▀[38;2;131;143;168m███[38;2;163;181;214m[48;2;131;143;168m▀[38;2;131;143;168m[48;2;163;181;214m▀[38;2;163;181;214m▀[0m                                                                                                                                   
    [38;2;163;181;214m▀█[38;2;163;181;214m[48;2;131;143;168m▀[38;2;163;181;214m█[38;2;207;217;233m█[38;2;207;217;233m[48;2;163;181;214m▀[38;2;131;143;168m█[38;2;92;97;112m[48;2;131;143;168m▀[38;2;131;143;168m█████[38;2;207;217;233m█[38;2;163;181;214m[48;2;92;97;112m▀[38;2;131;143;168m█[38;2;163;181;214m[48;2;131;143;168m▀[38;2;131;143;168m███[38;2;163;181;214m[48;2;131;143;168m▀[38;2;131;143;168m[48;2;163;181;214m▀[38;2;163;181;214m[48;2;131;143;168m▀[38;2;131;143;168m▀[0m                                                                                                                                    
      [38;2;163;181;214m▀[38;2;207;217;233m██[38;2;163;181;214m█[38;2;163;181;214m[48;2;131;143;168m▀[38;2;131;143;168m[48;2;163;181;214m▀[38;2;163;181;214m[48;2;131;143;168m▀[38;2;131;143;168m[48;2;163;181;214m▀[38;2;163;181;214m[48;2;131;143;168m▀[38;2;131;143;168m█[38;2;207;217;233m[48;2;163;181;214m▀[38;2;207;217;233m█[38;2;131;143;168m██[38;2;163;181;214m█[38;2;131;143;168m[48;2;163;181;214m▀[38;2;163;181;214m[48;2;131;143;168m▀[38;2;131;143;168m[48;2;163;181;214m▀[38;2;163;181;214m▀[0m                                                                                                                                       
       [38;2;163;181;214m▀[38;2;45;48;59m[48;2;163;181;214m▀▀[38;2;45;48;59m[48;2;131;143;168m▀[38;2;45;48;59m[48;2;163;181;214m▀[38;2;163;181;214m[48;2;131;143;168m▀[38;2;131;143;168m[48;2;92;97;112m▀[38;2;163;181;214m[48;2;45;48;59m▀[38;2;163;181;214m[48;2;92;97;112m▀[38;2;45;48;59m[48;2;131;143;168m▀[38;2;45;48;59m[48;2;163;181;214m▀[38;2;45;48;59m[48;2;131;143;168m▀[38;2;45;48;59m[48;2;163;181;214m▀[38;2;45;48;59m[48;2;131;143;168m▀[38;2;45;48;59m[48;2;163;181;214m▀[38;2;163;181;214m[48;2;45;48;59m▀[38;2;92;97;112m▄[38;2;45;48;59m▄[38;2;92;97;112m▄[0m                                                                                                                                      
         [38;2;45;48;59m▀[38;2;92;97;112m▀[38;2;45;48;59m▀[38;2;92;97;112m[48;2;45;48;59m▀[38;2;45;48;59m[48;2;92;97;112m▀[38;2;92;97;112m[48;2;45;48;59m▀[38;2;45;48;59m[48;2;92;97;112m▀[38;2;92;97;112m[48;2;45;48;59m▀[38;2;45;48;59m[48;2;92;97;112m▀[38;2;92;97;112m[48;2;45;48;59m▀[38;2;45;48;59m[48;2;92;97;112m▀[38;2;92;97;112m[48;2;45;48;59m▀[38;2;45;48;59m[48;2;92;97;112m▀[38;2;92;97;112m[48;2;45;48;59m▀[38;2;45;48;59m[48;2;92;97;112m▀[38;2;92;97;112m▀[38;2;45;48;59m▀[38;2;92;97;112m▀[0m                                                                                                                                     
  ────────────────────────────────────────────────────────────────────────────────────────────────────────────────────────────────────────────────────────────  
  ↑/k up • ↓/j down • [Enter] select • [Space q] quit • [Tab] panel                                                                                             [49A [K[J[2K[?2004l[?25h[?1002l[?1003l[?1006l