[?25l[?2004h]2;dotfiles Installer                                                                                                    
  Main Menu                                                                                         
  ────────────────────────────────────────────────────────────────────────────────────────────────  
                                                                                                    
                                                                                                    
                                                                                                    
                                                                                                    
  dotfiles                                                                                          
  Good morning                                                                                      
  What would you like to do?                                                                        
                                                                                                    
  ▸ 🚀 Start Installation                                                                           
    📚 Learn About Tools                                                                            
    ⌨️ Keymaps Reference                                                                            
    📖 LazyVim Guide                                                                                
    🎮 Vim Trainer                                                                                  
    🧰 Utilities                                                                                    
    ❌ Exit                                                                                         
  Plan  8 steps on Linux (detected)                                                                 
   /\_____/\                                                                                        
  (   o   o )                                                                                       
    >  ^  <                                                                                         
  ────────────────────────────────────────────────────────────────────────────────────────────────  
  ↑/k up • ↓/j down • [Enter] select • [Space q] quit • [Tab] panel                                 [23A [K[J[2K[?2004l[?25h[?1002l[?1003l[?1006l