[?25l[?2004h]2;dotfiles Installer                                                                                
  Setup                                                         ▓▓░░░░░░░░ 1/6  
  ────────────────────────────────────────────────────────────────────────────  
                                                                                
                                                                                
                                                                                
                                                                                
                                                                                
                                                                                
  Select Your Operating System                                                  
  Detected: Linux                                                               
                                                                                
  ▸ macOS                                                                       
    Linux                                                                       
    Termux                                                                      
                                                                                
                                                                                
                                                                                
                                                                                
                                                                                
                                                                                
                                                                                
  ────────────────────────────────────────────────────────────────────────────  
  ↑/k up • ↓/j down • [Enter] select • [Esc] back                               [23A [K[J[2K[?2004l[?25h[?1002l[?1003l[?1006l